// Jest Snapshot v1, https://goo.gl/fbAQLP

exports[`Header.vue snapshot should display the expected html 1`] = `"<header class=\\"ontario-main-header\\"><div class=\\"grid-container\\"><div class=\\"grid-x\\"><div class=\\"ontario-main-header__logo ontario-grid-cell small-5 medium-3\\"><a href=\\"https://ontario.ca/page/government-ontario\\" title=\\"Government of Ontario\\" class=\\"ontario-main-header__logo-link\\"><img alt=\\"Government of Ontario home page\\" src=\\"/logo-ontario@2x.png\\" class=\\"ontario-main-header__logo-image\\"></a></div> <div class=\\"show-for-medium ontario-main-header__search ontario-grid-cell medium-5 large-6\\"><search-stub></search-stub></div> <div class=\\"ontario-main-header__site-nav ontario-grid-cell small-7 medium-4 large-3\\"><sitemenu-stub></sitemenu-stub></div></div></div></header>"`;
