// Jest Snapshot v1, https://goo.gl/fbAQLP

exports[`App.vue snapshot should display the expected html 1`] = `"<div id=\\"App\\"><header-stub></header-stub> <div><h1>We’re sorry, but we can’t find that page.</h1> <p>Please use the links below or the site search above.</p></div> <footer-stub></footer-stub></div>"`;
